// Jest Snapshot v1, https://goo.gl/fbAQLP

exports[`<Key/> Should render correctly 1`] = `
<div
  className="key-container "
  onClick={[Function]}
>
  <p
    className="key-value"
  />
</div>
`;
