// Jest Snapshot v1, https://goo.gl/fbAQLP

exports[`<App/> Should render correctly 1`] = `
<div
  className="app-container"
>
  <Calculator />
</div>
`;
