// Jest Snapshot v1, https://goo.gl/fbAQLP

exports[`<Display/> Should render correctly 1`] = `
<div
  className="display-container"
>
  <p
    className="display-value"
  />
</div>
`;
